// Jest Snapshot v1, https://goo.gl/fbAQLP

exports[`renders content 1`] = `
<div
  className="container"
>
  <h3
    className="abilityBar"
  >
    it
  </h3>
  <div
    className="hAbilityBar"
  >
    <h3
      className="hiddenTitle"
    >
      Hidden
    </h3>
    <h3
      className="hiddenBar"
    >
      workds
    </h3>
  </div>
</div>
`;
